/home/xuanji/miniconda3/lib/python3.10/site-packages/pytools/persistent_dict.py:52: RecommendedHashNotFoundWarning: Unable to import recommended hash 'siphash24.siphash13', falling back to 'hashlib.sha256'. Run 'python3 -m pip install siphash24' to install the recommended hash.
  warn("Unable to import recommended hash 'siphash24.siphash13', "
Process ForkPoolWorker-1:
Process ForkPoolWorker-2:
Process ForkPoolWorker-3:
Process ForkPoolWorker-4:
Traceback (most recent call last):
  File "/home/xuanji/miniconda3/lib/python3.10/multiprocessing/process.py", line 315, in _bootstrap
    self.run()
  File "/home/xuanji/miniconda3/lib/python3.10/multiprocessing/process.py", line 108, in run
    self._target(*self._args, **self._kwargs)
  File "/home/xuanji/miniconda3/lib/python3.10/multiprocessing/pool.py", line 114, in worker
    task = get()
  File "/home/xuanji/miniconda3/lib/python3.10/multiprocessing/queues.py", line 368, in get
    return _ForkingPickler.loads(res)
AttributeError: Can't get attribute 'k_bootstrap_Mp_Rp' on <module '__main__' from '/tmp/slurmd/job45467409/slurm_script'>
Process ForkPoolWorker-5:
Process ForkPoolWorker-6:
Traceback (most recent call last):
Traceback (most recent call last):
  File "/home/xuanji/miniconda3/lib/python3.10/multiprocessing/process.py", line 315, in _bootstrap
    self.run()
  File "/home/xuanji/miniconda3/lib/python3.10/multiprocessing/process.py", line 108, in run
    self._target(*self._args, **self._kwargs)
  File "/home/xuanji/miniconda3/lib/python3.10/multiprocessing/process.py", line 315, in _bootstrap
    self.run()
  File "/home/xuanji/miniconda3/lib/python3.10/multiprocessing/pool.py", line 114, in worker
    task = get()
Traceback (most recent call last):
  File "/home/xuanji/miniconda3/lib/python3.10/multiprocessing/queues.py", line 368, in get
    return _ForkingPickler.loads(res)
  File "/home/xuanji/miniconda3/lib/python3.10/multiprocessing/process.py", line 108, in run
    self._target(*self._args, **self._kwargs)
Traceback (most recent call last):
  File "/home/xuanji/miniconda3/lib/python3.10/multiprocessing/pool.py", line 114, in worker
    task = get()
  File "/home/xuanji/miniconda3/lib/python3.10/multiprocessing/process.py", line 315, in _bootstrap
    self.run()
  File "/home/xuanji/miniconda3/lib/python3.10/multiprocessing/queues.py", line 368, in get
    return _ForkingPickler.loads(res)
AttributeError: Can't get attribute 'k_bootstrap_Mp_Rp' on <module '__main__' from '/tmp/slurmd/job45467409/slurm_script'>
  File "/home/xuanji/miniconda3/lib/python3.10/multiprocessing/process.py", line 108, in run
    self._target(*self._args, **self._kwargs)
  File "/home/xuanji/miniconda3/lib/python3.10/multiprocessing/process.py", line 315, in _bootstrap
    self.run()
AttributeError: Can't get attribute 'k_bootstrap_Mp_Rp' on <module '__main__' from '/tmp/slurmd/job45467409/slurm_script'>
  File "/home/xuanji/miniconda3/lib/python3.10/multiprocessing/pool.py", line 114, in worker
    task = get()
  File "/home/xuanji/miniconda3/lib/python3.10/multiprocessing/process.py", line 108, in run
    self._target(*self._args, **self._kwargs)
  File "/home/xuanji/miniconda3/lib/python3.10/multiprocessing/queues.py", line 368, in get
    return _ForkingPickler.loads(res)
  File "/home/xuanji/miniconda3/lib/python3.10/multiprocessing/pool.py", line 114, in worker
    task = get()
  File "/home/xuanji/miniconda3/lib/python3.10/multiprocessing/queues.py", line 368, in get
    return _ForkingPickler.loads(res)
AttributeError: Can't get attribute 'k_bootstrap_Mp_Rp' on <module '__main__' from '/tmp/slurmd/job45467409/slurm_script'>
AttributeError: Can't get attribute 'k_bootstrap_Mp_Rp' on <module '__main__' from '/tmp/slurmd/job45467409/slurm_script'>
Process ForkPoolWorker-7:
Traceback (most recent call last):
  File "/home/xuanji/miniconda3/lib/python3.10/multiprocessing/process.py", line 315, in _bootstrap
    self.run()
  File "/home/xuanji/miniconda3/lib/python3.10/multiprocessing/process.py", line 108, in run
    self._target(*self._args, **self._kwargs)
  File "/home/xuanji/miniconda3/lib/python3.10/multiprocessing/pool.py", line 114, in worker
    task = get()
Traceback (most recent call last):
  File "/home/xuanji/miniconda3/lib/python3.10/multiprocessing/queues.py", line 368, in get
    return _ForkingPickler.loads(res)
Process ForkPoolWorker-8:
AttributeError: Can't get attribute 'k_bootstrap_Mp_Rp' on <module '__main__' from '/tmp/slurmd/job45467409/slurm_script'>
Process ForkPoolWorker-9:
  File "/home/xuanji/miniconda3/lib/python3.10/multiprocessing/process.py", line 315, in _bootstrap
    self.run()
  File "/home/xuanji/miniconda3/lib/python3.10/multiprocessing/process.py", line 108, in run
    self._target(*self._args, **self._kwargs)
  File "/home/xuanji/miniconda3/lib/python3.10/multiprocessing/pool.py", line 114, in worker
    task = get()
  File "/home/xuanji/miniconda3/lib/python3.10/multiprocessing/queues.py", line 368, in get
    return _ForkingPickler.loads(res)
AttributeError: Can't get attribute 'k_bootstrap_Mp_Rp' on <module '__main__' from '/tmp/slurmd/job45467409/slurm_script'>
Process ForkPoolWorker-10:
Traceback (most recent call last):
  File "/home/xuanji/miniconda3/lib/python3.10/multiprocessing/process.py", line 315, in _bootstrap
    self.run()
Traceback (most recent call last):
  File "/home/xuanji/miniconda3/lib/python3.10/multiprocessing/process.py", line 108, in run
    self._target(*self._args, **self._kwargs)
  File "/home/xuanji/miniconda3/lib/python3.10/multiprocessing/pool.py", line 114, in worker
    task = get()
  File "/home/xuanji/miniconda3/lib/python3.10/multiprocessing/queues.py", line 368, in get
    return _ForkingPickler.loads(res)
  File "/home/xuanji/miniconda3/lib/python3.10/multiprocessing/process.py", line 315, in _bootstrap
    self.run()
AttributeError: Can't get attribute 'k_bootstrap_Mp_Rp' on <module '__main__' from '/tmp/slurmd/job45467409/slurm_script'>
  File "/home/xuanji/miniconda3/lib/python3.10/multiprocessing/process.py", line 108, in run
    self._target(*self._args, **self._kwargs)
  File "/home/xuanji/miniconda3/lib/python3.10/multiprocessing/pool.py", line 114, in worker
    task = get()
  File "/home/xuanji/miniconda3/lib/python3.10/multiprocessing/queues.py", line 368, in get
    return _ForkingPickler.loads(res)
AttributeError: Can't get attribute 'k_bootstrap_Mp_Rp' on <module '__main__' from '/tmp/slurmd/job45467409/slurm_script'>
Process ForkPoolWorker-11:
Traceback (most recent call last):
  File "/home/xuanji/miniconda3/lib/python3.10/multiprocessing/process.py", line 315, in _bootstrap
    self.run()
  File "/home/xuanji/miniconda3/lib/python3.10/multiprocessing/process.py", line 108, in run
    self._target(*self._args, **self._kwargs)
  File "/home/xuanji/miniconda3/lib/python3.10/multiprocessing/pool.py", line 114, in worker
    task = get()
  File "/home/xuanji/miniconda3/lib/python3.10/multiprocessing/queues.py", line 368, in get
    return _ForkingPickler.loads(res)
AttributeError: Can't get attribute 'k_bootstrap_Mp_Rp' on <module '__main__' from '/tmp/slurmd/job45467409/slurm_script'>
Process ForkPoolWorker-12:
Traceback (most recent call last):
  File "/home/xuanji/miniconda3/lib/python3.10/multiprocessing/process.py", line 315, in _bootstrap
    self.run()
  File "/home/xuanji/miniconda3/lib/python3.10/multiprocessing/process.py", line 108, in run
    self._target(*self._args, **self._kwargs)
  File "/home/xuanji/miniconda3/lib/python3.10/multiprocessing/pool.py", line 114, in worker
    task = get()
  File "/home/xuanji/miniconda3/lib/python3.10/multiprocessing/queues.py", line 368, in get
    return _ForkingPickler.loads(res)
AttributeError: Can't get attribute 'k_bootstrap_Mp_Rp' on <module '__main__' from '/tmp/slurmd/job45467409/slurm_script'>
Process ForkPoolWorker-13:
Traceback (most recent call last):
  File "/home/xuanji/miniconda3/lib/python3.10/multiprocessing/process.py", line 315, in _bootstrap
    self.run()
  File "/home/xuanji/miniconda3/lib/python3.10/multiprocessing/process.py", line 108, in run
    self._target(*self._args, **self._kwargs)
  File "/home/xuanji/miniconda3/lib/python3.10/multiprocessing/pool.py", line 114, in worker
    task = get()
  File "/home/xuanji/miniconda3/lib/python3.10/multiprocessing/queues.py", line 368, in get
    return _ForkingPickler.loads(res)
AttributeError: Can't get attribute 'k_bootstrap_Mp_Rp' on <module '__main__' from '/tmp/slurmd/job45467409/slurm_script'>
Process ForkPoolWorker-14:
Traceback (most recent call last):
  File "/home/xuanji/miniconda3/lib/python3.10/multiprocessing/process.py", line 315, in _bootstrap
    self.run()
  File "/home/xuanji/miniconda3/lib/python3.10/multiprocessing/process.py", line 108, in run
    self._target(*self._args, **self._kwargs)
  File "/home/xuanji/miniconda3/lib/python3.10/multiprocessing/pool.py", line 114, in worker
    task = get()
  File "/home/xuanji/miniconda3/lib/python3.10/multiprocessing/queues.py", line 368, in get
    return _ForkingPickler.loads(res)
AttributeError: Can't get attribute 'k_bootstrap_Mp_Rp' on <module '__main__' from '/tmp/slurmd/job45467409/slurm_script'>
Process ForkPoolWorker-15:
Traceback (most recent call last):
  File "/home/xuanji/miniconda3/lib/python3.10/multiprocessing/process.py", line 315, in _bootstrap
    self.run()
  File "/home/xuanji/miniconda3/lib/python3.10/multiprocessing/process.py", line 108, in run
    self._target(*self._args, **self._kwargs)
  File "/home/xuanji/miniconda3/lib/python3.10/multiprocessing/pool.py", line 114, in worker
    task = get()
  File "/home/xuanji/miniconda3/lib/python3.10/multiprocessing/queues.py", line 368, in get
    return _ForkingPickler.loads(res)
AttributeError: Can't get attribute 'k_bootstrap_Mp_Rp' on <module '__main__' from '/tmp/slurmd/job45467409/slurm_script'>
Traceback (most recent call last):
  File "/home/xuanji/miniconda3/lib/python3.10/multiprocessing/process.py", line 315, in _bootstrap
    self.run()
  File "/home/xuanji/miniconda3/lib/python3.10/multiprocessing/process.py", line 108, in run
    self._target(*self._args, **self._kwargs)
  File "/home/xuanji/miniconda3/lib/python3.10/multiprocessing/pool.py", line 114, in worker
    task = get()
  File "/home/xuanji/miniconda3/lib/python3.10/multiprocessing/queues.py", line 368, in get
    return _ForkingPickler.loads(res)
AttributeError: Can't get attribute 'k_bootstrap_Mp_Rp' on <module '__main__' from '/tmp/slurmd/job45467409/slurm_script'>
Process ForkPoolWorker-16:
Process ForkPoolWorker-17:
Traceback (most recent call last):
  File "/home/xuanji/miniconda3/lib/python3.10/multiprocessing/process.py", line 315, in _bootstrap
    self.run()
  File "/home/xuanji/miniconda3/lib/python3.10/multiprocessing/process.py", line 108, in run
    self._target(*self._args, **self._kwargs)
  File "/home/xuanji/miniconda3/lib/python3.10/multiprocessing/pool.py", line 114, in worker
    task = get()
  File "/home/xuanji/miniconda3/lib/python3.10/multiprocessing/queues.py", line 368, in get
    return _ForkingPickler.loads(res)
AttributeError: Can't get attribute 'k_bootstrap_Mp_Rp' on <module '__main__' from '/tmp/slurmd/job45467409/slurm_script'>
Traceback (most recent call last):
  File "/home/xuanji/miniconda3/lib/python3.10/multiprocessing/process.py", line 315, in _bootstrap
    self.run()
  File "/home/xuanji/miniconda3/lib/python3.10/multiprocessing/process.py", line 108, in run
    self._target(*self._args, **self._kwargs)
  File "/home/xuanji/miniconda3/lib/python3.10/multiprocessing/pool.py", line 114, in worker
    task = get()
  File "/home/xuanji/miniconda3/lib/python3.10/multiprocessing/queues.py", line 368, in get
    return _ForkingPickler.loads(res)
AttributeError: Can't get attribute 'k_bootstrap_Mp_Rp' on <module '__main__' from '/tmp/slurmd/job45467409/slurm_script'>
Process ForkPoolWorker-18:
Traceback (most recent call last):
  File "/home/xuanji/miniconda3/lib/python3.10/multiprocessing/process.py", line 315, in _bootstrap
    self.run()
  File "/home/xuanji/miniconda3/lib/python3.10/multiprocessing/process.py", line 108, in run
    self._target(*self._args, **self._kwargs)
  File "/home/xuanji/miniconda3/lib/python3.10/multiprocessing/pool.py", line 114, in worker
    task = get()
  File "/home/xuanji/miniconda3/lib/python3.10/multiprocessing/queues.py", line 368, in get
    return _ForkingPickler.loads(res)
AttributeError: Can't get attribute 'k_bootstrap_Mp_Rp' on <module '__main__' from '/tmp/slurmd/job45467409/slurm_script'>
Process ForkPoolWorker-19:
Traceback (most recent call last):
  File "/home/xuanji/miniconda3/lib/python3.10/multiprocessing/process.py", line 315, in _bootstrap
    self.run()
  File "/home/xuanji/miniconda3/lib/python3.10/multiprocessing/process.py", line 108, in run
    self._target(*self._args, **self._kwargs)
  File "/home/xuanji/miniconda3/lib/python3.10/multiprocessing/pool.py", line 114, in worker
    task = get()
  File "/home/xuanji/miniconda3/lib/python3.10/multiprocessing/queues.py", line 368, in get
    return _ForkingPickler.loads(res)
AttributeError: Can't get attribute 'k_bootstrap_Mp_Rp' on <module '__main__' from '/tmp/slurmd/job45467409/slurm_script'>
Process ForkPoolWorker-20:
Traceback (most recent call last):
  File "/home/xuanji/miniconda3/lib/python3.10/multiprocessing/process.py", line 315, in _bootstrap
    self.run()
  File "/home/xuanji/miniconda3/lib/python3.10/multiprocessing/process.py", line 108, in run
    self._target(*self._args, **self._kwargs)
  File "/home/xuanji/miniconda3/lib/python3.10/multiprocessing/pool.py", line 114, in worker
    task = get()
  File "/home/xuanji/miniconda3/lib/python3.10/multiprocessing/queues.py", line 368, in get
    return _ForkingPickler.loads(res)
AttributeError: Can't get attribute 'k_bootstrap_Mp_Rp' on <module '__main__' from '/tmp/slurmd/job45467409/slurm_script'>
Process ForkPoolWorker-21:
Traceback (most recent call last):
  File "/home/xuanji/miniconda3/lib/python3.10/multiprocessing/process.py", line 315, in _bootstrap
    self.run()
  File "/home/xuanji/miniconda3/lib/python3.10/multiprocessing/process.py", line 108, in run
    self._target(*self._args, **self._kwargs)
  File "/home/xuanji/miniconda3/lib/python3.10/multiprocessing/pool.py", line 114, in worker
    task = get()
  File "/home/xuanji/miniconda3/lib/python3.10/multiprocessing/queues.py", line 368, in get
    return _ForkingPickler.loads(res)
AttributeError: Can't get attribute 'k_bootstrap_Mp_Rp' on <module '__main__' from '/tmp/slurmd/job45467409/slurm_script'>
Process ForkPoolWorker-22:
Traceback (most recent call last):
  File "/home/xuanji/miniconda3/lib/python3.10/multiprocessing/process.py", line 315, in _bootstrap
    self.run()
  File "/home/xuanji/miniconda3/lib/python3.10/multiprocessing/process.py", line 108, in run
    self._target(*self._args, **self._kwargs)
  File "/home/xuanji/miniconda3/lib/python3.10/multiprocessing/pool.py", line 114, in worker
    task = get()
  File "/home/xuanji/miniconda3/lib/python3.10/multiprocessing/queues.py", line 368, in get
    return _ForkingPickler.loads(res)
AttributeError: Can't get attribute 'k_bootstrap_Mp_Rp' on <module '__main__' from '/tmp/slurmd/job45467409/slurm_script'>
Process ForkPoolWorker-23:
Traceback (most recent call last):
  File "/home/xuanji/miniconda3/lib/python3.10/multiprocessing/process.py", line 315, in _bootstrap
    self.run()
  File "/home/xuanji/miniconda3/lib/python3.10/multiprocessing/process.py", line 108, in run
    self._target(*self._args, **self._kwargs)
  File "/home/xuanji/miniconda3/lib/python3.10/multiprocessing/pool.py", line 114, in worker
    task = get()
  File "/home/xuanji/miniconda3/lib/python3.10/multiprocessing/queues.py", line 368, in get
    return _ForkingPickler.loads(res)
AttributeError: Can't get attribute 'k_bootstrap_Mp_Rp' on <module '__main__' from '/tmp/slurmd/job45467409/slurm_script'>
Process ForkPoolWorker-24:
Traceback (most recent call last):
  File "/home/xuanji/miniconda3/lib/python3.10/multiprocessing/process.py", line 315, in _bootstrap
    self.run()
  File "/home/xuanji/miniconda3/lib/python3.10/multiprocessing/process.py", line 108, in run
    self._target(*self._args, **self._kwargs)
  File "/home/xuanji/miniconda3/lib/python3.10/multiprocessing/pool.py", line 114, in worker
    task = get()
  File "/home/xuanji/miniconda3/lib/python3.10/multiprocessing/queues.py", line 368, in get
    return _ForkingPickler.loads(res)
AttributeError: Can't get attribute 'k_bootstrap_Mp_Rp' on <module '__main__' from '/tmp/slurmd/job45467409/slurm_script'>
Process ForkPoolWorker-25:
Traceback (most recent call last):
  File "/home/xuanji/miniconda3/lib/python3.10/multiprocessing/process.py", line 315, in _bootstrap
    self.run()
  File "/home/xuanji/miniconda3/lib/python3.10/multiprocessing/process.py", line 108, in run
    self._target(*self._args, **self._kwargs)
  File "/home/xuanji/miniconda3/lib/python3.10/multiprocessing/pool.py", line 114, in worker
    task = get()
  File "/home/xuanji/miniconda3/lib/python3.10/multiprocessing/queues.py", line 368, in get
    return _ForkingPickler.loads(res)
AttributeError: Can't get attribute 'k_bootstrap_Mp_Rp' on <module '__main__' from '/tmp/slurmd/job45467409/slurm_script'>
Process ForkPoolWorker-26:
Traceback (most recent call last):
  File "/home/xuanji/miniconda3/lib/python3.10/multiprocessing/process.py", line 315, in _bootstrap
    self.run()
  File "/home/xuanji/miniconda3/lib/python3.10/multiprocessing/process.py", line 108, in run
    self._target(*self._args, **self._kwargs)
  File "/home/xuanji/miniconda3/lib/python3.10/multiprocessing/pool.py", line 114, in worker
    task = get()
  File "/home/xuanji/miniconda3/lib/python3.10/multiprocessing/queues.py", line 368, in get
    return _ForkingPickler.loads(res)
AttributeError: Can't get attribute 'k_bootstrap_Mp_Rp' on <module '__main__' from '/tmp/slurmd/job45467409/slurm_script'>
Process ForkPoolWorker-27:
Traceback (most recent call last):
  File "/home/xuanji/miniconda3/lib/python3.10/multiprocessing/process.py", line 315, in _bootstrap
    self.run()
  File "/home/xuanji/miniconda3/lib/python3.10/multiprocessing/process.py", line 108, in run
    self._target(*self._args, **self._kwargs)
  File "/home/xuanji/miniconda3/lib/python3.10/multiprocessing/pool.py", line 114, in worker
    task = get()
  File "/home/xuanji/miniconda3/lib/python3.10/multiprocessing/queues.py", line 368, in get
    return _ForkingPickler.loads(res)
AttributeError: Can't get attribute 'k_bootstrap_Mp_Rp' on <module '__main__' from '/tmp/slurmd/job45467409/slurm_script'>
Process ForkPoolWorker-28:
Traceback (most recent call last):
  File "/home/xuanji/miniconda3/lib/python3.10/multiprocessing/process.py", line 315, in _bootstrap
    self.run()
  File "/home/xuanji/miniconda3/lib/python3.10/multiprocessing/process.py", line 108, in run
    self._target(*self._args, **self._kwargs)
  File "/home/xuanji/miniconda3/lib/python3.10/multiprocessing/pool.py", line 114, in worker
    task = get()
  File "/home/xuanji/miniconda3/lib/python3.10/multiprocessing/queues.py", line 368, in get
    return _ForkingPickler.loads(res)
AttributeError: Can't get attribute 'k_bootstrap_Mp_Rp' on <module '__main__' from '/tmp/slurmd/job45467409/slurm_script'>
slurmstepd-midway2-0338: error: *** JOB 45467409 ON midway2-0338 CANCELLED AT 2025-07-07T17:20:11 ***
