/home/xuanji/miniconda3/lib/python3.10/site-packages/pytools/persistent_dict.py:52: RecommendedHashNotFoundWarning: Unable to import recommended hash 'siphash24.siphash13', falling back to 'hashlib.sha256'. Run 'python3 -m pip install siphash24' to install the recommended hash.
  warn("Unable to import recommended hash 'siphash24.siphash13', "
multiprocessing.pool.RemoteTraceback: 
"""
Traceback (most recent call last):
  File "/home/xuanji/miniconda3/lib/python3.10/multiprocessing/pool.py", line 125, in worker
    result = (True, func(*args, **kwds))
  File "/home/xuanji/miniconda3/lib/python3.10/multiprocessing/pool.py", line 51, in starmapstar
    return list(itertools.starmap(args[0], args[1]))
  File "/tmp/slurmd/job45471161/slurm_script", line 78, in k_bootstrap_Mp_Rp
    slope_b, intercept_b, _, _, _ = linregress(X_resample, y_resample)
NameError: name 'linregress' is not defined
"""

The above exception was the direct cause of the following exception:

Traceback (most recent call last):
  File "/tmp/slurmd/job45471161/slurm_script", line 203, in <module>
    results = p.starmap(k_bootstrap_Mp_Rp, input_items)
  File "/home/xuanji/miniconda3/lib/python3.10/multiprocessing/pool.py", line 372, in starmap
    return self._map_async(func, iterable, starmapstar, chunksize).get()
  File "/home/xuanji/miniconda3/lib/python3.10/multiprocessing/pool.py", line 771, in get
    raise self._value
NameError: name 'linregress' is not defined
